---
source: mondrian-charts/src/tests/test_generate_line_chart_from_timeseries.rs
expression: chart
---
xAxis:
  minValue: 1689696000000
  maxValue: 1689696600000
  tickSuggestions:
    - 1689696000000
    - 1689696060000
    - 1689696120000
    - 1689696180000
    - 1689696240000
    - 1689696300000
    - 1689696360000
    - 1689696420000
    - 1689696480000
    - 1689696540000
yAxis:
  minValue: 9
  maxValue: 31
  tickSuggestions: ~
shapeLists:
  - shapes:
      - type: line
        points:
          - x: 0
            y: 0.045454545454545456
            source:
              time: "2023-07-18T16:00:00Z"
              attributes: {}
              resource: {}
              value: 10
          - x: 0.1
            y: 0.2727272727272727
            source:
              time: "2023-07-18T16:01:00Z"
              attributes: {}
              resource: {}
              value: 15
          - x: 0.2
            y: 0.5
            source:
              time: "2023-07-18T16:02:00Z"
              attributes: {}
              resource: {}
              value: 20
      - type: line
        points:
          - x: 0.4
            y: 0.7272727272727273
            source:
              time: "2023-07-18T16:04:00Z"
              attributes: {}
              resource: {}
              value: 25
          - x: 0.5
            y: 0.9545454545454546
            source:
              time: "2023-07-18T16:05:00Z"
              attributes: {}
              resource: {}
              value: 30
          - x: 0.6
            y: 0.7272727272727273
            source:
              time: "2023-07-18T16:06:00Z"
              attributes: {}
              resource: {}
              value: 25
          - x: 0.7
            y: 0.5
            source:
              time: "2023-07-18T16:07:00Z"
              attributes: {}
              resource: {}
              value: 20
          - x: 0.8
            y: 0.2727272727272727
            source:
              time: "2023-07-18T16:08:00Z"
              attributes: {}
              resource: {}
              value: 15
          - x: 0.9
            y: 0.045454545454545456
            source:
              time: "2023-07-18T16:09:00Z"
              attributes: {}
              resource: {}
              value: 10
    source:
      name: dummy_data
      labels: {}
      metrics:
        - time: "2023-07-18T16:00:00Z"
          attributes: {}
          resource: {}
          value: 10
        - time: "2023-07-18T16:01:00Z"
          attributes: {}
          resource: {}
          value: 15
        - time: "2023-07-18T16:02:00Z"
          attributes: {}
          resource: {}
          value: 20
        - time: "2023-07-18T16:04:00Z"
          attributes: {}
          resource: {}
          value: 25
        - time: "2023-07-18T16:05:00Z"
          attributes: {}
          resource: {}
          value: 30
        - time: "2023-07-18T16:06:00Z"
          attributes: {}
          resource: {}
          value: 25
        - time: "2023-07-18T16:07:00Z"
          attributes: {}
          resource: {}
          value: 20
        - time: "2023-07-18T16:08:00Z"
          attributes: {}
          resource: {}
          value: 15
        - time: "2023-07-18T16:09:00Z"
          attributes: {}
          resource: {}
          value: 10
      attributes: {}
      resource: {}
      visible: true

