// Jest Snapshot v1, https://goo.gl/fbAQLP

exports[`it generates a stacked bar chart 1`] = `
{
  "shapeLists": [
    {
      "shapes": [
        {
          "height": 0.125,
          "source": {
            "attributes": {},
            "resource": {},
            "time": "2023-07-18T16:00:00.000Z",
            "value": 10,
          },
          "type": "rectangle",
          "width": 0.06944444444444445,
          "x": 0.010732323232323232,
          "y": 0,
        },
        {
          "height": 0.1875,
          "source": {
            "attributes": {},
            "resource": {},
            "time": "2023-07-18T16:01:00.000Z",
            "value": 15,
          },
          "type": "rectangle",
          "width": 0.06944444444444445,
          "x": 0.10164141414141413,
          "y": 0,
        },
        {
          "height": 0.25,
          "source": {
            "attributes": {},
            "resource": {},
            "time": "2023-07-18T16:02:00.000Z",
            "value": 20,
          },
          "type": "rectangle",
          "width": 0.06944444444444445,
          "x": 0.19255050505050503,
          "y": 0,
        },
        {
          "height": 0.3125,
          "source": {
            "attributes": {},
            "resource": {},
            "time": "2023-07-18T16:04:00.000Z",
            "value": 25,
          },
          "type": "rectangle",
          "width": 0.06944444444444445,
          "x": 0.3743686868686869,
          "y": 0,
        },
        {
          "height": 0.375,
          "source": {
            "attributes": {},
            "resource": {},
            "time": "2023-07-18T16:05:00.000Z",
            "value": 30,
          },
          "type": "rectangle",
          "width": 0.06944444444444445,
          "x": 0.4652777777777778,
          "y": 0,
        },
        {
          "height": 0.3125,
          "source": {
            "attributes": {},
            "resource": {},
            "time": "2023-07-18T16:06:00.000Z",
            "value": 25,
          },
          "type": "rectangle",
          "width": 0.06944444444444445,
          "x": 0.5561868686868687,
          "y": 0,
        },
        {
          "height": 0.25,
          "source": {
            "attributes": {},
            "resource": {},
            "time": "2023-07-18T16:07:00.000Z",
            "value": 20,
          },
          "type": "rectangle",
          "width": 0.06944444444444445,
          "x": 0.6470959595959596,
          "y": 0,
        },
        {
          "height": 0.1875,
          "source": {
            "attributes": {},
            "resource": {},
            "time": "2023-07-18T16:08:00.000Z",
            "value": 15,
          },
          "type": "rectangle",
          "width": 0.06944444444444445,
          "x": 0.7380050505050505,
          "y": 0,
        },
        {
          "height": 0.125,
          "source": {
            "attributes": {},
            "resource": {},
            "time": "2023-07-18T16:09:00.000Z",
            "value": 10,
          },
          "type": "rectangle",
          "width": 0.06944444444444445,
          "x": 0.8289141414141414,
          "y": 0,
        },
      ],
      "source": {
        "attributes": {},
        "labels": {
          "timeseries": "A",
        },
        "metrics": [
          {
            "attributes": {},
            "resource": {},
            "time": "2023-07-18T16:00:00.000Z",
            "value": 10,
          },
          {
            "attributes": {},
            "resource": {},
            "time": "2023-07-18T16:01:00.000Z",
            "value": 15,
          },
          {
            "attributes": {},
            "resource": {},
            "time": "2023-07-18T16:02:00.000Z",
            "value": 20,
          },
          {
            "attributes": {},
            "resource": {},
            "time": "2023-07-18T16:04:00.000Z",
            "value": 25,
          },
          {
            "attributes": {},
            "resource": {},
            "time": "2023-07-18T16:05:00.000Z",
            "value": 30,
          },
          {
            "attributes": {},
            "resource": {},
            "time": "2023-07-18T16:06:00.000Z",
            "value": 25,
          },
          {
            "attributes": {},
            "resource": {},
            "time": "2023-07-18T16:07:00.000Z",
            "value": 20,
          },
          {
            "attributes": {},
            "resource": {},
            "time": "2023-07-18T16:08:00.000Z",
            "value": 15,
          },
          {
            "attributes": {},
            "resource": {},
            "time": "2023-07-18T16:09:00.000Z",
            "value": 10,
          },
        ],
        "name": "dummy_data",
        "resource": {},
        "visible": true,
      },
    },
    {
      "shapes": [
        {
          "height": 0.5,
          "source": {
            "attributes": {},
            "resource": {},
            "time": "2023-07-18T16:00:00.000Z",
            "value": 40,
          },
          "type": "rectangle",
          "width": 0.06944444444444445,
          "x": 0.010732323232323232,
          "y": 0.125,
        },
        {
          "height": 0.375,
          "source": {
            "attributes": {},
            "resource": {},
            "time": "2023-07-18T16:01:00.000Z",
            "value": 30,
          },
          "type": "rectangle",
          "width": 0.06944444444444445,
          "x": 0.10164141414141413,
          "y": 0.1875,
        },
        {
          "height": 0.25,
          "source": {
            "attributes": {},
            "resource": {},
            "time": "2023-07-18T16:02:00.000Z",
            "value": 20,
          },
          "type": "rectangle",
          "width": 0.06944444444444445,
          "x": 0.19255050505050503,
          "y": 0.25,
        },
        {
          "height": 0.125,
          "source": {
            "attributes": {},
            "resource": {},
            "time": "2023-07-18T16:03:00.000Z",
            "value": 10,
          },
          "type": "rectangle",
          "width": 0.06944444444444445,
          "x": 0.28345959595959597,
          "y": 0,
        },
        {
          "height": 0.25,
          "source": {
            "attributes": {},
            "resource": {},
            "time": "2023-07-18T16:04:00.000Z",
            "value": 20,
          },
          "type": "rectangle",
          "width": 0.06944444444444445,
          "x": 0.3743686868686869,
          "y": 0.3125,
        },
        {
          "height": 0.375,
          "source": {
            "attributes": {},
            "resource": {},
            "time": "2023-07-18T16:05:00.000Z",
            "value": 30,
          },
          "type": "rectangle",
          "width": 0.06944444444444445,
          "x": 0.4652777777777778,
          "y": 0.375,
        },
        {
          "height": 0.5,
          "source": {
            "attributes": {},
            "resource": {},
            "time": "2023-07-18T16:06:00.000Z",
            "value": 40,
          },
          "type": "rectangle",
          "width": 0.06944444444444445,
          "x": 0.5561868686868687,
          "y": 0.3125,
        },
        {
          "height": 0.625,
          "source": {
            "attributes": {},
            "resource": {},
            "time": "2023-07-18T16:07:00.000Z",
            "value": 50,
          },
          "type": "rectangle",
          "width": 0.06944444444444445,
          "x": 0.6470959595959596,
          "y": 0.25,
        },
        {
          "height": 0.75,
          "source": {
            "attributes": {},
            "resource": {},
            "time": "2023-07-18T16:08:00.000Z",
            "value": 60,
          },
          "type": "rectangle",
          "width": 0.06944444444444445,
          "x": 0.7380050505050505,
          "y": 0.1875,
        },
        {
          "height": 0.875,
          "source": {
            "attributes": {},
            "resource": {},
            "time": "2023-07-18T16:09:00.000Z",
            "value": 70,
          },
          "type": "rectangle",
          "width": 0.06944444444444445,
          "x": 0.8289141414141414,
          "y": 0.125,
        },
      ],
      "source": {
        "attributes": {},
        "labels": {
          "timeseries": "B",
        },
        "metrics": [
          {
            "attributes": {},
            "resource": {},
            "time": "2023-07-18T16:00:00.000Z",
            "value": 40,
          },
          {
            "attributes": {},
            "resource": {},
            "time": "2023-07-18T16:01:00.000Z",
            "value": 30,
          },
          {
            "attributes": {},
            "resource": {},
            "time": "2023-07-18T16:02:00.000Z",
            "value": 20,
          },
          {
            "attributes": {},
            "resource": {},
            "time": "2023-07-18T16:03:00.000Z",
            "value": 10,
          },
          {
            "attributes": {},
            "resource": {},
            "time": "2023-07-18T16:04:00.000Z",
            "value": 20,
          },
          {
            "attributes": {},
            "resource": {},
            "time": "2023-07-18T16:05:00.000Z",
            "value": 30,
          },
          {
            "attributes": {},
            "resource": {},
            "time": "2023-07-18T16:06:00.000Z",
            "value": 40,
          },
          {
            "attributes": {},
            "resource": {},
            "time": "2023-07-18T16:07:00.000Z",
            "value": 50,
          },
          {
            "attributes": {},
            "resource": {},
            "time": "2023-07-18T16:08:00.000Z",
            "value": 60,
          },
          {
            "attributes": {},
            "resource": {},
            "time": "2023-07-18T16:09:00.000Z",
            "value": 70,
          },
        ],
        "name": "dummy_data",
        "resource": {},
        "visible": true,
      },
    },
  ],
  "xAxis": {
    "maxValue": 1689696630,
    "minValue": 1689695970,
    "tickSuggestions": [
      1689696000,
      1689696060,
      1689696120,
      1689696180,
      1689696240,
      1689696300,
      1689696360,
      1689696420,
      1689696480,
      1689696540,
      1689696600,
    ],
  },
  "yAxis": {
    "maxValue": 80,
    "minValue": 0,
  },
}
`;
