---
source: mondrian-charts/src/fiberplane/tests/test_generate_line_chart_from_timeseries.rs
expression: svg_lines
---
[
    "<svg xmlns=\"http://www.w3.org/2000/svg\" version=\"1.1\" width=\"640\" height=\"480\">",
    "<defs>",
    "<clipPath id=\"clip-path\">",
    "<rect x=\"0\" y=\"-4\" width=\"564\" height=\"448\" />",
    "</clipPath>",
    "</defs>",
    "<g transform=\"translate(76, 0)\">",
    "<g clip-path=\"url(#clip-path)\">",
    "<defs>",
    "<linearGradient id=\"line-0\" x1=\"0\" y1=\"0\" x2=\"0\" y2=\"1\">",
    "<stop offset=\"0%\" stop-color=\"#c00eae\" stop-opacity=\"0.15\" />",
    "<stop offset=\"23%\" stop-color=\"#c00eae\" stop-opacity=\"0.03\" />",
    "</linearGradient>",
    "</defs>",
    "<path d=\"M0.0,420.0L56.4,320.0L112.8,220.0L112.8,440.0L56.4,440.0L0.0,440.0Z\" stroke=\"none\" fill=\"url(#line-0)\" />",
    "<path d=\"M0.0,420.0L56.4,320.0L112.8,220.0\" stroke=\"#c00eae\" stroke-width=\"1\" fill=\"none\" />",
    "<defs>",
    "<linearGradient id=\"line-0\" x1=\"0\" y1=\"0\" x2=\"0\" y2=\"1\">",
    "<stop offset=\"0%\" stop-color=\"#c00eae\" stop-opacity=\"0.15\" />",
    "<stop offset=\"23%\" stop-color=\"#c00eae\" stop-opacity=\"0.03\" />",
    "</linearGradient>",
    "</defs>",
    "<path d=\"M225.6,120.0L282.0,20.0L338.4,120.0L394.8,220.0L451.2,320.0L507.6,420.0L507.6,440.0L451.2,440.0L394.8,440.0L338.4,440.0L282.0,440.0L225.6,440.0Z\" stroke=\"none\" fill=\"url(#line-0)\" />",
    "<path d=\"M225.6,120.0L282.0,20.0L338.4,120.0L394.8,220.0L451.2,320.0L507.6,420.0\" stroke=\"#c00eae\" stroke-width=\"1\" fill=\"none\" />",
    "</g>",
    "</g>",
    "</svg>",
]
