---
source: mondrian-charts/src/fiberplane/tests/test_generate_stacked_line_chart_from_timeseries.rs
expression: svg_lines
---
[
    "<svg xmlns=\"http://www.w3.org/2000/svg\" version=\"1.1\" width=\"640\" height=\"480\">",
    "<defs>",
    "<clipPath id=\"clip-path\">",
    "<rect x=\"0\" y=\"-4\" width=\"564\" height=\"448\" />",
    "</clipPath>",
    "</defs>",
    "<g transform=\"translate(76, 0)\">",
    "<g>",
    "<line x1=\"0\" y1=\"880.0\" x2=\"564\" y2=\"880\" stroke=\"#e7e7e7\" />",
    "<line x1=\"0\" y1=\"825.0\" x2=\"564\" y2=\"825\" stroke=\"#e7e7e7\" />",
    "<line x1=\"0\" y1=\"770.0\" x2=\"564\" y2=\"770\" stroke=\"#e7e7e7\" />",
    "<line x1=\"0\" y1=\"715.0\" x2=\"564\" y2=\"715\" stroke=\"#e7e7e7\" />",
    "<line x1=\"0\" y1=\"660.0\" x2=\"564\" y2=\"660\" stroke=\"#e7e7e7\" />",
    "<line x1=\"0\" y1=\"605.0\" x2=\"564\" y2=\"605\" stroke=\"#e7e7e7\" />",
    "<line x1=\"0\" y1=\"550.0\" x2=\"564\" y2=\"550\" stroke=\"#e7e7e7\" />",
    "<line x1=\"0\" y1=\"495.0\" x2=\"564\" y2=\"495\" stroke=\"#e7e7e7\" />",
    "<line x1=\"0\" y1=\"440.0\" x2=\"564\" y2=\"440\" stroke=\"#e7e7e7\" />",
    "<line x1=\"0\" y1=\"385.0\" x2=\"564\" y2=\"385\" stroke=\"#e7e7e7\" />",
    "<line x1=\"0\" y1=\"330.0\" x2=\"564\" y2=\"330\" stroke=\"#e7e7e7\" />",
    "<line x1=\"0\" y1=\"275.0\" x2=\"564\" y2=\"275\" stroke=\"#e7e7e7\" />",
    "<line x1=\"0\" y1=\"220.0\" x2=\"564\" y2=\"220\" stroke=\"#e7e7e7\" />",
    "<line x1=\"0\" y1=\"165.0\" x2=\"564\" y2=\"165\" stroke=\"#e7e7e7\" />",
    "<line x1=\"0\" y1=\"110.0\" x2=\"564\" y2=\"110\" stroke=\"#e7e7e7\" />",
    "<line x1=\"0\" y1=\"55.0\" x2=\"564\" y2=\"55\" stroke=\"#e7e7e7\" />",
    "</g>",
    "<line x1=\"564\" x2=\"564\" y1=\"0\" y2=\"440\" stroke=\"#e7e7e7\" />",
    "<g>",
    "<line x1=\"0.0\" y1=\"0\" x2=\"0.0\" y2=\"440\" stroke=\"#e7e7e7\" />",
    "<line x1=\"56.4\" y1=\"0\" x2=\"56.4\" y2=\"440\" stroke=\"#e7e7e7\" />",
    "<line x1=\"112.8\" y1=\"0\" x2=\"112.8\" y2=\"440\" stroke=\"#e7e7e7\" />",
    "<line x1=\"169.2\" y1=\"0\" x2=\"169.2\" y2=\"440\" stroke=\"#e7e7e7\" />",
    "<line x1=\"225.6\" y1=\"0\" x2=\"225.6\" y2=\"440\" stroke=\"#e7e7e7\" />",
    "<line x1=\"282.0\" y1=\"0\" x2=\"282.0\" y2=\"440\" stroke=\"#e7e7e7\" />",
    "<line x1=\"338.4\" y1=\"0\" x2=\"338.4\" y2=\"440\" stroke=\"#e7e7e7\" />",
    "<line x1=\"394.8\" y1=\"0\" x2=\"394.8\" y2=\"440\" stroke=\"#e7e7e7\" />",
    "<line x1=\"451.2\" y1=\"0\" x2=\"451.2\" y2=\"440\" stroke=\"#e7e7e7\" />",
    "<line x1=\"507.6\" y1=\"0\" x2=\"507.6\" y2=\"440\" stroke=\"#e7e7e7\" />",
    "</g>",
    "<g transform=\"translate(0, 440)\">",
    "<line x1=\"0\" y1=\"0\" x2=\"564\" y2=\"0\" stroke=\"#e7e7e7\" />",
    "<text x=\"0.0\" y=\"20\" dy=\"16\" fill=\"#a4a4a4\" font-family=\"sans-serif\" font-size=\"20\" font-weight=\"400\" letter-spacing=\"0\" text-anchor=\"middle\">",
    "0:00</text>",
    "<text x=\"56.4\" y=\"20\" dy=\"16\" fill=\"#a4a4a4\" font-family=\"sans-serif\" font-size=\"20\" font-weight=\"400\" letter-spacing=\"0\" text-anchor=\"middle\">",
    "1:00</text>",
    "<text x=\"112.8\" y=\"20\" dy=\"16\" fill=\"#a4a4a4\" font-family=\"sans-serif\" font-size=\"20\" font-weight=\"400\" letter-spacing=\"0\" text-anchor=\"middle\">",
    "2:00</text>",
    "<text x=\"169.2\" y=\"20\" dy=\"16\" fill=\"#a4a4a4\" font-family=\"sans-serif\" font-size=\"20\" font-weight=\"400\" letter-spacing=\"0\" text-anchor=\"middle\">",
    "3:00</text>",
    "<text x=\"225.6\" y=\"20\" dy=\"16\" fill=\"#a4a4a4\" font-family=\"sans-serif\" font-size=\"20\" font-weight=\"400\" letter-spacing=\"0\" text-anchor=\"middle\">",
    "4:00</text>",
    "<text x=\"282.0\" y=\"20\" dy=\"16\" fill=\"#a4a4a4\" font-family=\"sans-serif\" font-size=\"20\" font-weight=\"400\" letter-spacing=\"0\" text-anchor=\"middle\">",
    "5:00</text>",
    "<text x=\"338.4\" y=\"20\" dy=\"16\" fill=\"#a4a4a4\" font-family=\"sans-serif\" font-size=\"20\" font-weight=\"400\" letter-spacing=\"0\" text-anchor=\"middle\">",
    "6:00</text>",
    "<text x=\"394.8\" y=\"20\" dy=\"16\" fill=\"#a4a4a4\" font-family=\"sans-serif\" font-size=\"20\" font-weight=\"400\" letter-spacing=\"0\" text-anchor=\"middle\">",
    "7:00</text>",
    "<text x=\"451.2\" y=\"20\" dy=\"16\" fill=\"#a4a4a4\" font-family=\"sans-serif\" font-size=\"20\" font-weight=\"400\" letter-spacing=\"0\" text-anchor=\"middle\">",
    "8:00</text>",
    "<text x=\"507.6\" y=\"20\" dy=\"16\" fill=\"#a4a4a4\" font-family=\"sans-serif\" font-size=\"20\" font-weight=\"400\" letter-spacing=\"0\" text-anchor=\"middle\">",
    "9:00</text>",
    "</g>",
    "<g>",
    "<line x1=\"0\" y1=\"0\" x2=\"0\" y2=\"440\" stroke=\"#e7e7e7\" />",
    "<text x=\"0\" y=\"825.0\" dx=\"-0.45em\" dy=\"0.25em\" text-anchor=\"end\" font-family=\"sans-serif\" font-size=\"20\" font-weight=\"400\" letter-spacing=\"0\" fill=\"#a4a4a4\">",
    "-70</text>",
    "<text x=\"0\" y=\"770.0\" dx=\"-0.45em\" dy=\"0.25em\" text-anchor=\"end\" font-family=\"sans-serif\" font-size=\"20\" font-weight=\"400\" letter-spacing=\"0\" fill=\"#a4a4a4\">",
    "-60</text>",
    "<text x=\"0\" y=\"715.0\" dx=\"-0.45em\" dy=\"0.25em\" text-anchor=\"end\" font-family=\"sans-serif\" font-size=\"20\" font-weight=\"400\" letter-spacing=\"0\" fill=\"#a4a4a4\">",
    "-50</text>",
    "<text x=\"0\" y=\"660.0\" dx=\"-0.45em\" dy=\"0.25em\" text-anchor=\"end\" font-family=\"sans-serif\" font-size=\"20\" font-weight=\"400\" letter-spacing=\"0\" fill=\"#a4a4a4\">",
    "-40</text>",
    "<text x=\"0\" y=\"605.0\" dx=\"-0.45em\" dy=\"0.25em\" text-anchor=\"end\" font-family=\"sans-serif\" font-size=\"20\" font-weight=\"400\" letter-spacing=\"0\" fill=\"#a4a4a4\">",
    "-30</text>",
    "<text x=\"0\" y=\"550.0\" dx=\"-0.45em\" dy=\"0.25em\" text-anchor=\"end\" font-family=\"sans-serif\" font-size=\"20\" font-weight=\"400\" letter-spacing=\"0\" fill=\"#a4a4a4\">",
    "-20</text>",
    "<text x=\"0\" y=\"495.0\" dx=\"-0.45em\" dy=\"0.25em\" text-anchor=\"end\" font-family=\"sans-serif\" font-size=\"20\" font-weight=\"400\" letter-spacing=\"0\" fill=\"#a4a4a4\">",
    "-10</text>",
    "<text x=\"0\" y=\"385.0\" dx=\"-0.45em\" dy=\"0.25em\" text-anchor=\"end\" font-family=\"sans-serif\" font-size=\"20\" font-weight=\"400\" letter-spacing=\"0\" fill=\"#a4a4a4\">",
    "10</text>",
    "<text x=\"0\" y=\"330.0\" dx=\"-0.45em\" dy=\"0.25em\" text-anchor=\"end\" font-family=\"sans-serif\" font-size=\"20\" font-weight=\"400\" letter-spacing=\"0\" fill=\"#a4a4a4\">",
    "20</text>",
    "<text x=\"0\" y=\"275.0\" dx=\"-0.45em\" dy=\"0.25em\" text-anchor=\"end\" font-family=\"sans-serif\" font-size=\"20\" font-weight=\"400\" letter-spacing=\"0\" fill=\"#a4a4a4\">",
    "30</text>",
    "<text x=\"0\" y=\"220.0\" dx=\"-0.45em\" dy=\"0.25em\" text-anchor=\"end\" font-family=\"sans-serif\" font-size=\"20\" font-weight=\"400\" letter-spacing=\"0\" fill=\"#a4a4a4\">",
    "40</text>",
    "<text x=\"0\" y=\"165.0\" dx=\"-0.45em\" dy=\"0.25em\" text-anchor=\"end\" font-family=\"sans-serif\" font-size=\"20\" font-weight=\"400\" letter-spacing=\"0\" fill=\"#a4a4a4\">",
    "50</text>",
    "<text x=\"0\" y=\"110.0\" dx=\"-0.45em\" dy=\"0.25em\" text-anchor=\"end\" font-family=\"sans-serif\" font-size=\"20\" font-weight=\"400\" letter-spacing=\"0\" fill=\"#a4a4a4\">",
    "60</text>",
    "</g>",
    "<g clip-path=\"url(#clip-path)\">",
    "<defs>",
    "<linearGradient id=\"line-0\" x1=\"0\" y1=\"0\" x2=\"0\" y2=\"1\">",
    "<stop offset=\"0%\" stop-color=\"#c00eae\" stop-opacity=\"0.3\" />",
    "<stop offset=\"80%\" stop-color=\"#c00eae\" stop-opacity=\"0.06\" />",
    "</linearGradient>",
    "</defs>",
    "<path d=\"M0.0,440.0L56.4,440.0L112.8,440.0L112.8,330.0L56.4,357.5L0.0,385.0Z\" stroke=\"#c00eae\" stroke-width=\"1\" fill=\"url(#line-0)\" />",
    "<defs>",
    "<linearGradient id=\"line-0\" x1=\"0\" y1=\"0\" x2=\"0\" y2=\"1\">",
    "<stop offset=\"0%\" stop-color=\"#c00eae\" stop-opacity=\"0.3\" />",
    "<stop offset=\"80%\" stop-color=\"#c00eae\" stop-opacity=\"0.06\" />",
    "</linearGradient>",
    "</defs>",
    "<path d=\"M225.6,440.0L282.0,440.0L338.4,440.0L394.8,440.0L451.2,440.0L507.6,440.0L507.6,385.0L451.2,357.5L394.8,330.0L338.4,302.5L282.0,275.0L225.6,302.5Z\" stroke=\"#c00eae\" stroke-width=\"1\" fill=\"url(#line-0)\" />",
    "<defs>",
    "<linearGradient id=\"line-1\" x1=\"0\" y1=\"0\" x2=\"0\" y2=\"1\">",
    "<stop offset=\"0%\" stop-color=\"#c00eae\" stop-opacity=\"0.3\" />",
    "<stop offset=\"80%\" stop-color=\"#c00eae\" stop-opacity=\"0.06\" />",
    "</linearGradient>",
    "</defs>",
    "<path d=\"M0.0,385.0L56.4,357.5L112.8,330.0L169.2,440.0L225.6,302.5L282.0,275.0L338.4,302.5L394.8,330.0L451.2,357.5L507.6,385.0L507.6,0.0L451.2,27.5L394.8,55.0L338.4,82.5L282.0,110.0L225.6,192.5L169.2,385.0L112.8,220.0L56.4,192.5L0.0,165.0Z\" stroke=\"#c00eae\" stroke-width=\"1\" fill=\"url(#line-1)\" />",
    "</g>",
    "</g>",
    "</svg>",
]
