---
source: mondrian-charts/src/fiberplane/tests/test_generate_combined_chart.rs
expression: svg_lines
---
[
    "<svg xmlns=\"http://www.w3.org/2000/svg\" version=\"1.1\" width=\"640\" height=\"480\">",
    "<defs>",
    "<clipPath id=\"clip-path\">",
    "<rect x=\"0\" y=\"-4\" width=\"564\" height=\"448\" />",
    "</clipPath>",
    "</defs>",
    "<g transform=\"translate(76, 0)\">",
    "<g clip-path=\"url(#clip-path)\">",
    "<defs>",
    "<linearGradient id=\"line-0\" x1=\"0\" y1=\"0\" x2=\"0\" y2=\"1\">",
    "<stop offset=\"0%\" stop-color=\"#c00eae\" stop-opacity=\"0.15\" />",
    "<stop offset=\"23%\" stop-color=\"#c00eae\" stop-opacity=\"0.03\" />",
    "</linearGradient>",
    "</defs>",
    "<path d=\"M0.0,425.8L56.4,354.8L112.8,283.9L112.8,440.0L56.4,440.0L0.0,440.0Z\" stroke=\"none\" fill=\"url(#line-0)\" />",
    "<path d=\"M0.0,425.8L56.4,354.8L112.8,283.9\" stroke=\"#c00eae\" stroke-width=\"1\" fill=\"none\" />",
    "<defs>",
    "<linearGradient id=\"line-0\" x1=\"0\" y1=\"0\" x2=\"0\" y2=\"1\">",
    "<stop offset=\"0%\" stop-color=\"#c00eae\" stop-opacity=\"0.15\" />",
    "<stop offset=\"23%\" stop-color=\"#c00eae\" stop-opacity=\"0.03\" />",
    "</linearGradient>",
    "</defs>",
    "<path d=\"M225.6,212.9L282.0,141.9L338.4,212.9L394.8,283.9L451.2,354.8L507.6,425.8L507.6,440.0L451.2,440.0L394.8,440.0L338.4,440.0L282.0,440.0L225.6,440.0Z\" stroke=\"none\" fill=\"url(#line-0)\" />",
    "<path d=\"M225.6,212.9L282.0,141.9L338.4,212.9L394.8,283.9L451.2,354.8L507.6,425.8\" stroke=\"#c00eae\" stroke-width=\"1\" fill=\"none\" />",
    "<defs>",
    "<linearGradient id=\"line-1\" x1=\"0\" y1=\"0\" x2=\"0\" y2=\"1\">",
    "<stop offset=\"0%\" stop-color=\"#4c7aff\" stop-opacity=\"0.3\" />",
    "<stop offset=\"80%\" stop-color=\"#4c7aff\" stop-opacity=\"0.06\" />",
    "</linearGradient>",
    "</defs>",
    "<path d=\"M112.8,440.0L112.8,0.0Z\" stroke=\"#4c7aff\" stroke-width=\"1\" fill=\"url(#line-1)\" />",
    "<defs>",
    "<linearGradient id=\"line-1\" x1=\"0\" y1=\"0\" x2=\"0\" y2=\"1\">",
    "<stop offset=\"0%\" stop-color=\"#4c7aff\" stop-opacity=\"0.3\" />",
    "<stop offset=\"80%\" stop-color=\"#4c7aff\" stop-opacity=\"0.06\" />",
    "</linearGradient>",
    "</defs>",
    "<path d=\"M394.8,440.0L394.8,0.0Z\" stroke=\"#4c7aff\" stroke-width=\"1\" fill=\"url(#line-1)\" />",
    "<defs>",
    "<linearGradient id=\"line-2\" x1=\"0\" y1=\"0\" x2=\"0\" y2=\"1\">",
    "<stop offset=\"0%\" stop-color=\"#63eaad\" stop-opacity=\"0.15\" />",
    "<stop offset=\"23%\" stop-color=\"#63eaad\" stop-opacity=\"0.03\" />",
    "</linearGradient>",
    "</defs>",
    "<path d=\"M0.0,0.0L564.0,0.0L564.0,440.0L0.0,440.0Z\" stroke=\"none\" fill=\"url(#line-2)\" />",
    "<path d=\"M0.0,0.0L564.0,0.0\" stroke=\"#63eaad\" stroke-width=\"1\" fill=\"none\" />",
    "</g>",
    "</g>",
    "</svg>",
]
